  set_config   
---------------
 Nexa Demo Ltd
(1 row)

    set_config     
-------------------
 info@nexaai.co.uk
(1 row)

                          set_config                          
--------------------------------------------------------------
 $2b$10$BibJV2xyQywAaLO31Uq3V.sg1YolcUZZtrHGlf/SkVVX5cXbKZXry
(1 row)

     set_config      
---------------------
 wraja1987@gmail.com
(1 row)

                          set_config                          
--------------------------------------------------------------
 $2b$10$9qgvMH4AEkRDpRZKLTvkKuk27Umt5IDegbUiL6HZxperO7LOyF0Oa
(1 row)

