  set_config   
---------------
 Nexa Demo Ltd
(1 row)

    set_config     
-------------------
 info@nexaai.co.uk
(1 row)

                          set_config                          
--------------------------------------------------------------
 $2b$10$vRKftoOotsYOpqMf.fHa..2e01mjtxxw.TPfEYY9lyuXcTMAGsJwa
(1 row)

     set_config      
---------------------
 wraja1987@gmail.com
(1 row)

                          set_config                          
--------------------------------------------------------------
 $2b$10$QnE8B1cVwpJEhj8Lp5p5a.VMcbalwcBI.P90TVy3liE44kP1nHimm
(1 row)

DO
