
Running 2 tests using 1 worker

[1A[2K[1/2] tests/e2e/prod-login-and-kpis.spec.ts:55:7 › Nexa (prod) smokes › Admin: login + key lists
[1A[2K  1) tests/e2e/prod-login-and-kpis.spec.ts:55:7 › Nexa (prod) smokes › Admin: login + key lists ────

    Error: Expected dashboard content to be visible

    [2mexpect([22m[31mreceived[39m[2m).[22mtoBeTruthy[2m()[22m

    Received: [31mfalse[39m

      49 |   await expect(page).toHaveURL(/dashboard/i);
      50 |   const ok = await dashboardReady(page);
    > 51 |   expect(ok, 'Expected dashboard content to be visible').toBeTruthy();
         |                                                          ^
      52 | }
      53 |
      54 | test.describe('Nexa (prod) smokes', () => {
        at login (/Users/waheedraja/Desktop/Business Opportunities/Nexa ERP/tests/e2e/prod-login-and-kpis.spec.ts:51:58)
        at /Users/waheedraja/Desktop/Business Opportunities/Nexa ERP/tests/e2e/prod-login-and-kpis.spec.ts:56:5

    Error Context: test-results/tests-e2e-prod-login-and-k-7f094-mokes-Admin-login-key-lists/error-context.md


[1A[2K[2/2] tests/e2e/prod-login-and-kpis.spec.ts:63:7 › Nexa (prod) smokes › Super admin: login + dashboard
[1A[2K  2) tests/e2e/prod-login-and-kpis.spec.ts:63:7 › Nexa (prod) smokes › Super admin: login + dashboard 

    Error: Expected dashboard content to be visible

    [2mexpect([22m[31mreceived[39m[2m).[22mtoBeTruthy[2m()[22m

    Received: [31mfalse[39m

      49 |   await expect(page).toHaveURL(/dashboard/i);
      50 |   const ok = await dashboardReady(page);
    > 51 |   expect(ok, 'Expected dashboard content to be visible').toBeTruthy();
         |                                                          ^
      52 | }
      53 |
      54 | test.describe('Nexa (prod) smokes', () => {
        at login (/Users/waheedraja/Desktop/Business Opportunities/Nexa ERP/tests/e2e/prod-login-and-kpis.spec.ts:51:58)
        at /Users/waheedraja/Desktop/Business Opportunities/Nexa ERP/tests/e2e/prod-login-and-kpis.spec.ts:64:5

    Error Context: test-results/tests-e2e-prod-login-and-k-dfa78-Super-admin-login-dashboard/error-context.md


[1A[2K  2 failed
    tests/e2e/prod-login-and-kpis.spec.ts:55:7 › Nexa (prod) smokes › Admin: login + key lists ─────
    tests/e2e/prod-login-and-kpis.spec.ts:63:7 › Nexa (prod) smokes › Super admin: login + dashboard 
